// Jest Snapshot v1, https://goo.gl/fbAQLP

exports[`Test cases for Card component Should match snapshot 1`] = `ShallowWrapper {}`;
