// Jest Snapshot v1, https://goo.gl/fbAQLP

exports[`Test cases for Filters component Should match snapshot 1`] = `ShallowWrapper {}`;
